{
	"access_token": "eyJhbGciOiJIUzI1NiIsInR5cCI6IkpXVCJ9.eyJ1c2VyX2lkIjoiMDAwMDAwMDAtMDAwMC0wMDAwLTAwMDAtMDAwMDAwMDAwMDAzIiwiZW1haWwiOiJjdXN0b21lckBleGFtcGxlLmNvbSIsImV4cCI6MTc2ODMyMDAyNCwibmJmIjoxNzY4MjMzNjI0LCJpYXQiOjE3NjgyMzM2MjR9.IdJd4UhPWIxJOXb331VPp-wR8wqIiNmO5QujhGa0Uc8",
	"refresh_token": "eyJhbGciOiJIUzI1NiIsInR5cCI6IkpXVCJ9.eyJ1c2VyX2lkIjoiMDAwMDAwMDAtMDAwMC0wMDAwLTAwMDAtMDAwMDAwMDAwMDAzIiwiZW1haWwiOiJjdXN0b21lckBleGFtcGxlLmNvbSIsImV4cCI6MTc2ODgzODQyNCwibmJmIjoxNzY4MjMzNjI0LCJpYXQiOjE3NjgyMzM2MjR9.du8E1EhEL01ANyUzq-SU0SXXenCK138gLCsm9xsnPE0",
	"expires_in": 86400
}